[   .00000] Linx ersi 415.0-54-generic (buildlg01-a64014) (gcc verson7.4.0 (Untu 7.4.0-butu1~18..1) #58-untu S Monun24 15524 U 219 (Ubuntu 4.15.0-54.58-generic 4.15.18)
[    0.000000] Command line: BOOT_IMAGE=/boot/vmlinuz-4.15.0-54-generic root=LABEL=cloudimg-rootfs ro console=tty1 console=ttyS0
[    0.000000] KERNEL supported cpus:
[    0.000000]   Intel GenuineIntel
[    0.000000]   AMD AuthenticAMD
[    0.000000]   Centaur CentaurHauls
[    0.000000] x86/fpu: Supporting XSAVE feature 0x001: 'x87 floating point registers'
[    0.000000] x86/fpu: Supporting XSAVE feature 0x002: 'SSE registers'
[    0.000000] x86/fpu: Supporting XSAVE feature 0x004: 'AVX registers'
[    0.000000] x86/fpu: xstate_offset[2]:  576, xstate_sizes[2]:  256
[    0.000000] x86/fpu: Enabled xstate features 0x7, context size is 832 bytes, using 'standard' format.
[    0.000000] e820: BIOS-provided physical RAM map:
[    0.000000] BIOS-e820: [mem 0x0000000000000000-0x000000000009fbff] usable
[    0.000000] BIS-820: [m 0x00000000009fc00-0x00000000ff] reseve
[  0000000] BIS-e820[mem 0x0000000000f00-0x0000000000fff]resered
[   000000]BI-e820: [m x0000000010000-000000000dffeffff] usable
[    0.000000] BIOS-e820: [mem 0x00000000dfff0000-0x00000000dfffffff] ACPI data
[    0.000000] BIOS-e820: [mem 0x00000000fec00000-0x00000000fec00fff] reserved
[    0.000000] BIOS-e820: [mem 0x00000000fee00000-0x00000000fee00fff] reserved
[    0.000000] BIOS-e820: [mem 0x00000000fffc0000-0x00000000ffffffff] reserved
[    0.000000] BIOS-e820: [mem 0x0000000100000000-0x000000011fffffff] usable
[    0.000000] NX (Execute Disable) protection: active
[    0.000000] SMBIOS 2.5 present.
[    0.000000] DMI: innotek GmbH VirtualBox/VirtualBox, BIOS VirtualBox 12/01/2006
[    0.000000] Hypervisor detected: KVM
[    0.000000] e820: last_pfn = 0x120000 max_arch_pfn = 0x400000000
[    0.000000] MTRR: Disabled
[    0.000000] x86/PAT: MTRRs disabled, skipping PAT initialization too.
[    0.000000] CPU MTRRs all blank - virtualized system.
[    0.000000] x86/PAT: Configuration [0-7]: WB  WT  UC- UC  WB  WT  UC- UC  
[    0.000000] e820: last_pfn = 0xdfff0 max_arch_pfn = 0x400000000
[    0.000000] found SMP MP-table at [mem 0x0009fff0-0x0009ffff] mapped at [        (ptrvaal)]
[    0.000000] Scanning 1 areas for low memory corruption
[    0.000000] RAMDISK: [mem 0x35a93000-0x36d40fff]
[    0.000000] ACPI: Early table checksum verification disabled
[    0.000000] ACPI: RSDP 0x00000000000E0000 000024 (v02 VBOX  )
[    0.000000] ACPI: XSDT 0x00000000DFFF0030 00003C (v01 VBOX   VBOXXSDT 00000001 ASL  00000061)
[    0.000000] ACPI: FACP 0x00000000DFFF00F0 0000F4 (v04 VBOX   VBOXFACP 00000001 ASL  00000061)
[    0.000000] ACPI: DSDT 0x00000000DFFF0470 0021FF (v02 VBOX   VBOXBIOS 00000002 INTL 20100528)
[    0.000000] ACPI: FACS 0x00000000DFFF0200 000040
[    0.000000] ACPI: FACS 0x00000000DFFF0200 000040
[    0.000000] ACPI: APIC 0x00000000DFFF0240 00005C (v02 VBOX   VBOXAPIC 00000001 ASL  00000061)
[    0.000000] ACPI: SSDT 0x00000000DFFF02A0 0001CC (v01 VBOX   VBOXCPUT 00000002 INTL 20100528)
[    0.000000] No NUMA configuration found
[    0.000000] Faking a nde at me 0x000000000000000x00000011fffffff]
[  0.0000 NODDAA(0) allocated [mem 0x1fd000-11ffffff
[    00000] kvm-cloc cu 0, msr 11ff5401,prmary cpu clock
[    0.0000]kvclock: Using msrs 4b564d01 and 4b564d00
[    0.000000] kvm-clock: using sched offset of 3508057863 cycles
[    0.000000] clocksource: kvm-clock: mask: 0xffffffffffffffff max_cycles: 0x1cd42e4dffb, max_idle_ns: 881590591483 ns
[    0.000000] Zone ranges:
[    0.000000]   DMA      [mem 0x0000000000001000-0x0000000000ffffff]
[    0.000000]   DMA32    [mem 0x0000000001000000-0x00000000ffffffff]
[    0.000000]   Normal   [mem 0x0000000100000000-0x000000011fffffff]
[    0.000000]   Device   empty
[    0.000000] Movable zone start for each node
[    0.000000] Early memory node ranges
[    0.000000]   node   0: [mem 0x0000000000001000-0x000000000009efff]
[    0.000000]   node   0: [mem 0x0000000000100000-0x00000000dffeffff]
[    0.000000]   node   0: [mem 0x0000000100000000-0x000000011fffffff]
[    0.000000] Reserved but unavailable: 114 pages
[    0.000000] Initmem setup node 0 [mem 0x0000000000001000-0x000000011fffffff]
[    0.000000] ACPI: PM-Timer IO Port: 0x4008
[    0.000000] IOAPIC[0]: apic_id 2, version 32, address 0xfec00000, GSI 0-23
[    0.000000] ACPI: INT_SRC_OVR (bus 0 bus_irq 0 global_irq 2 dfl dfl)
[    0.000000] ACPI: INT_SRC_OVR (bus 0 bus_irq 9 global_irq 9 low level)
[    0.000000] Using ACPI (MADT) for SMP configuration information
[    0.000000] smpboot: Allowing 2 CPUs, 0 hotplug CPUs
[    0.000000] PM: Registered nosave memory: [mem 0x00000000-0x00000fff]
[    0.000000] PM: Registered nosave memory: [mem 0x0009f000-0x0009ffff]
[    0.000000] PM: Registered nosave memory: [mem 0x000a0000-0x000effff]
[    0.000000] PM: Registered nosave memory: [mem 0x000f0000-0x000fffff]
[    0.000000] PM: Registered nosave memory: [mem 0xdfff0000-0xdfffffff]
[    0.000000] PM: Registered nosave memory: [mem 0xe0000000-0xfebfffff]
[    0.000000] PM: Registered nosave memory: [mem 0xfec00000-0xfec00fff]
[    0.000000] PM: Registered nosave memory: [mem 0xfec01000-0xfedfffff]
[    0.000000] PM: Registered nosave memory: [mem 0xfee00000-0xfee00fff]
[    0.000000] PM: Registered nosave memory: [mem 0xfee01000-0xfffbffff]
[    0.000000] PM: Registered nosave memory: [mem 0xfffc0000-0xffffffff]
[    0.000000] e820: [mem 0xe0000000-0xfebfffff] available for PCI devices
[    0.000000] Booting paravirtualized kernel on KVM
[    0.000000] clocksource: refined-jiffies: mask: 0xffffffff max_cycles: 0xffffffff, max_idle_ns: 7645519600211568 ns
[    0.000000] random: get_random_bytes called from start_kernel+0x99/0x4fd with crng_init=0
[    0.000000] setup_percpu: NR_CPUS:8192 nr_cpumask_bits:2 nr_cpu_ids:2 nr_node_ids:1
[    0.000000] percpu: Embedded 46 pages/cpu @        (ptrval) s151552 r8192 d28672 u1048576
[    0.000000] PV qspinlck hash table tres: 25 (rder 04096 bte
[   0.0000 Blt 1 zneists, obity ouing . Total paes: 3257
[  00000] olicy zone: Normal
[    0.000000] Kernel commnd lne: BOOT_IMAGE=/boot/vmlinuz-4.150-54-generic root=LABEL=cloudimg-rootfs ro console=tty1 console=ttyS0
[    0.000000] Memory: 4014080K/4193848K available (12300K kernel code, 2473K rwdata, 4272K rodata, 2408K init, 2416K bss, 179768K reserved, 0K cma-reserved)
[    0.000000] SLUB: HWalign=64, Order=0-3, MinObjects=0, CPUs=2, Nodes=1
[    0.000000] Kernel/User page tables isolation: enabled
[    0.000000] ftrace: allocating 39216 entries in 154 pages
[    0.004000] Hierarchical RCU implementation.
[    0.004000] 	RCU restricting CPUs from NR_CPUS=8192 to nr_cpu_ids=2.
[    0.004000] 	Tasks RCU enabled.
[    0.004000] RCU: Adjusting geometry for rcu_fanout_leaf=16, nr_cpu_ids=2
[     0.004000] R_IRQS:5254 n_irq 40, prealloated irqs: 1
    0.04000]Conslecolo VA+ 80x25
[   0.00400]conse tty1] enbled
   0.040] console ttyS eable
[   0.0000 ACP: re revisi 20170831
[    0.004000] ACPI: 2 ACPI AML tables successfully acquired and loaded
[    0.004000] APIC: Switch to symmetric I/O mode setup
[    0.004000] x2apic enabled
[    0.004000] Switched APIC routing to physical x2apic.
[    0.004000] ..TIMER: vector=0x30 apic1=0 pin1=2 apic2=-1 pin2=-1
[    0.004003] tsc: Detected 2903.998 MHz processor
[    0.004840] Calibrating delay loop (skipped) preset value.. 5807.99 BogoMIPS (lpj=11615992)
[    0.005926] pid_max: default: 32768 minimum: 301
[    0.008025] Security Framework initialized
[    0.008786] Yama: becoming mindful.
[    0.009784] AppArmor: AppArmor initialized

[    0.012086] Dentry cache hash table entries: 524288 (order: 10, 4194304 bytes)
[    0.014494] Inode-cache hash table entries: 262144 (order: 9, 2097152 bytes)
[    0.016013] Mount-cache hash table entries: 8192 (order: 4, 65536 bytes)
[    0.017164] Mountpoint-cache hash table entries: 8192 (order: 4, 65536 bytes)
[    0.018581] mce: CPU supports 0 MCE banks
[    0.019319] Last level iTLB entries: 4KB 64, 2MB 8, 4MB 8
[    0.020001] Last level dTLB entries: 4KB 64, 2MB 0, 4MB 0, 1GB 4
[    0.024005] Spectre V2 : Mitigation: Full generic retpoline
[    0.028002] Spectre V2 : Spectre v2 / SpectreRSB mitigation: Filling RSB on context switch
[    0.032003] Speculative Store Bypass: Vulnerable
[    0.036040] MDS: Vulnerable: Clear CPU buffers attempted, no microcode
[    0.040071] Freeing SMP alternatives memory: 36K
[    0.048000] smpboot: CPU0: Intel(R) Core(TM) i9-8950HK CPU @ 2.90GHz (family: 0x6, model: 0x9e, stepping: 0xa)
[    0.048071] Performance Events: unsupported p6 CPU model 158 no PMU driver, software events only.
[    0.052031] Hierarchical SRCU implementation.
[    0.053258] NMI watchdog: Perf event create on CPU 0 failed with -2
[    0.054382] NMI watchdog: Perf NMI watchdog permanently disabled
[    0.056032] smp: Bringing up secondary CPUs ...
[    0.058048] x86: Booting SMP configuration:
[    0.058827] .... node  #0, CPUs:      #1
[    0.004000] kvm-clock: cpu 1, msr 1:1ff54041, secondary cpu clock
[    0.004000] mce: CPU supports 0 MCE banks
[    0.063504] smp: Brought up 1 node, 2 CPUs
[    0.064003] smpboot: Max logical packages: 1
[    0.064816] smpboot: Total of 2 processors activated (11615.99 BogoMIPS)
[    0.066134] devtmpfs: initialized
[    0.068037] x86/mm: Memory block size: 128MB
[    0.069048] evm: security.selinux
[    0.069678] evm: security.SMACK64
[    0.070301] evm: security.SMACK64EXEC
[    0.070989] evm: security.SMACK64TRANSMUTE
[    0.072002] evm: security.SMACK64MMAP
[    0.072710] evm: security.apparmor
[    0.073349] evm: security.ima
[    0.073914] evm: security.capability
[    0.074614] clocksource: jiffies: mask: 0xffffffff max_cycles: 0xffffffff, max_idle_ns: 7645041785100000 ns
[    0.076011] futex hash table entries: 512 (order: 3, 32768 bytes)
[    0.077134] pinctrl core: initialized pinctrl subsystem
[    0.078151] RTC time:  8:52:26, date: 07/10/19
[    0.080114] NET: Registered protocol family 16
[    0.081007] audit: initializing netlink subsys (disabled)
[    0.082004] audit: type=2000 audit(1562748746.160:1): state=initialized audit_enabled=0 res=1
[    0.084009] cpuidle: using governor ladder
[    0.084765] cpuidle: using governor menu
[    0.085583] ACPI: bus type PCI registered
[    0.088005] acpiphp: ACPI Hot Plug PCI Controller Driver version: 0.5
[    0.092101] PCI: Using configuration type 1 for base access
[    0.096715] HugeTLB registered 2.00 MiB page size, pre-allocated 0 pages
[    0.100062] ACPI: Added _OSI(Module Device)
[    0.104004] ACPI: Added _OSI(Processor Device)
[    0.108006] ACPI: Added _OSI(3.0 _SCP Extensions)
[    0.112002] ACPI: Added _OSI(Processor Aggregator Device)
[    0.116016] ACPI: Added _OSI(Linux-Dell-Video)
[    0.120027] ACPI: Added _OSI(Linux-Lenovo-NV-HDMI-Audio)
[    0.121157] ACPI: Added _OSI(Linux-HPI-Hybrid-Graphics)
[    0.124342] ACPI: Executed 1 blocks of module-level executable AML code
[    0.128159] ACPI: Interpreter enabled
[    0.128854] ACPI: (supports S0 S5)
[    0.129493] ACPI: Using IOAPIC for interrupt routing
[    0.130543] PCI: Using host bridge windows from ACPI; if necessary, use "pci=nocrs" and report a bug
[    0.132165] ACPI: Enabled 2 GPEs in block 00 to 07
[    0.138557] ACPI: PCI Root Bridge [PCI0] (domain 0000 [bus 00-ff])
[    0.139686] acpi PNP0A03:00: _OSC: OS supports [ASPM ClockPM Segments MSI]
[    0.140021] acpi PNP0A03:00: _OSC: not requesting OS control; OS requires [ExtendedConfig ASPM ClockPM MSI]
[    0.141727] acpi PNP0A03:00: fail to add MMCONFIG information, can't access extended PCI configuration space under this bridge.
[    0.144360] PCI host bridge to bus 0000:00
[    0.145406] pci_bus 0000:00: root bus resource [io  0x0000-0x0cf7 window]
[    0.146846] pci_bus 0000:00: root bus resource [io  0x0d00-0xffff window]
[    0.148003] pci_bus 0000:00: root bus resource [mem 0x000a0000-0x000bffff window]
[    0.149348] pci_bus 0000:00: root bus resource [mem 0xe0000000-0xfdffffff window]
[    0.152003] pci_bus 0000:00: root bus resource [bus 00-ff]
[    0.155547] pci 0000:00:01.1: legacy IDE quirk: reg 0x10: [io  0x01f0-0x01f7]
[    0.156005] pci 0000:00:01.1: legacy IDE quirk: reg 0x14: [io  0x03f6]
[    0.160004] pci 0000:00:01.1: legacy IDE quirk: reg 0x18: [io  0x0170-0x0177]
[    0.164006] pci 0000:00:01.1: legacy IDE quirk: reg 0x1c: [io  0x0376]
[    0.193597] pci 0000:00:07.0: quirk: [io  0x4000-0x403f] claimed by PIIX4 ACPI
[    0.196018] pci 0000:00:07.0: quirk: [io  0x4100-0x410f] claimed by PIIX4 SMB
[    0.218556] ACPI: PCI Interrupt Link [LNKA] (IRQs 5 9 10 *11)
[    0.220326] ACPI: PCI Interrupt Link [LNKB] (IRQs 5 9 *10 11)
[    0.221940] ACPI: PCI Interrupt Link [LNKC] (IRQs 5 *9 10 11)
[    0.223107] ACPI: PCI Interrupt Link [LNKD] (IRQs 5 9 10 *11)
[    0.224318] SCSI subsystem initialized
[    0.225058] pci 0000:00:02.0: vgaarb: setting as boot VGA device
[    0.225089] pci 0000:00:02.0: vgaarb: VGA device added: decodes=io+mem,owns=io+mem,locks=none
[    0.228003] pci 0000:00:02.0: vgaarb: bridge control possible
[    0.229019] vgaarb: loaded
[    0.229564] ACPI: bus type USB registered
[    0.230322] usbcore: registered new interface driver usbfs
[    0.231338] usbcore: registered new interface driver hub
[    0.232012] usbcore: registered new device driver usb
[    0.232956] EDAC MC: Ver: 3.0.0
[    0.233338] PCI: Using ACPI for IRQ routing
[    0.236303] NetLabel: Initializing
[    0.236954] NetLabel:  domain hash size = 128
[    0.237752] NetLabel:  protocols = UNLABELED CIPSOv4 CALIPSO
[    0.238772] NetLabel:  unlabeled traffic allowed by default
[    0.240169] clocksource: Switched to clocksource kvm-clock
[    0.251613] VFS: Disk quotas dquot_6.6.0
[    0.252841] VFS: Dquot-cache hash table entries: 512 (order 0, 4096 bytes)
[    0.254106] AppArmor: AppArmor Filesystem Enabled
[    0.255052] pp:nPCPI it  0.120]npPnAC: un3 vis
[    0.890303] clocksource: acpi_pm: mask:xfff m_ccles: xfff m_idle_s:085701024 ns
[    1.298539] NET: Registered protocol family 2

[    1.299548] TCP established hash table entries: 32768 (order: 6, 262144 bytes)
[    1.300913] TCP bind hash table entries: 32768 (order: 7, 524288 bytes)
[    1.302123] TCP: Hash tables configured (established 32768 bind 32768)
[    1.303291] UDP hash table entries: 2048 (order: 4, 65536 bytes)
[    1.304390] UDP-Lite hash table entries: 2048 (order: 4, 65536 bytes)
[    1.305561] NET: Registered protocol family 1
[    1.306368] pci 0000:00:00.0: Limiting direct PCI/PCI transfers
[    1.307447] pci 0000:00:01.0: Activating ISA DMA hang workarounds
[    1.308610] pci 0000:00:02.0: Video device with shadowed ROM at [mem 0x000c0000-0x000dffff]
[    1.310202] Unpacking initramfs...
[    1.506062] Freeing initrd memory: 19128K
[    1.626354] PCI-DMA: Using software bounce buffering for IO (SWIOTLB)
[    1.824497] software IO TLB [mem 0xdbff0000-0xdfff0000] (64MB) mapped at [        (ptrval)-        (ptrval)]
[    2.116508] clocksource: tsc: mask: 0xffffffffffffffff max_cycles: 0x29dc03c1beb, max_idle_ns: 440795205215 ns
[    2.368017] platform rtc_cmos: registered platform RTC device (no PNP device found)
[    2.373134] Scanning for low memory corruption every 60 seconds
[    2.374710] Initialise system trusted keyrings
[    2.375564] Key type blacklist registered
[    2.376408] workingset: timestamp_bits=36 max_order=20 bucket_order=0
[    2.379537] zbud: loaded
[    2.382537] squashfs: version 4.0 (2009/01/31) Phillip Lougher
[    2.383720] fuse init (API version 7.26)
[    2.387246] Key type asymmetric registered
[    2.388114] Asymmetric key parser 'x509' registered
[    2.389048] Block layer SCSI generic (bsg) driver version 0.4 loaded (major 246)
[    2.390501] io scheduler noop registered
[    2.391447] io scheduler deadline registered
[    2.392280] io scheduler cfq registered (default)
[    2.393576] ACPI: AC Adapter [AC] (off-line)
[    2.394416] input: Power Button as /devices/LNXSYSTM:00/LNXPWRBN:00/input/input0
[    2.395788] ACPI: Power Button [PWRF]
[    2.396719] input: Sleep Button as /devices/LNXSYSTM:00/LNXSLPBN:00/input/input1
[    2.398114] ACPI: Sleep Button [SLPF]
[    2.399209] Serial: 8250/16550 driver, 32 ports, IRQ sharing enabled
[    2.400207] ACPI: Battery Slot [BAT0] (battery present)
[    2.430780] 00:02: ttyS0 at I/O 0x3f8 (irq = 4, base_baud = 115200) is a 1655AA

[    2.713965] Linux agpgart interface v0.103
[    2.836953] loop: module loaded
[    2.875564] scsi host0: ata_piix
[    3.022445] scsi host1: ata_piix
[    3.146974] ata1: PATA max UDMA/33 cmd 0x1f0 ctl 0x3f6 bmdma 0xd000 irq 14
[    3.454638] ata2: PATA max UDMA/33 cmd 0x170 ctl 0x376 bmdma 0xd008 irq 15
[    3.456430] libphy: Fixed MDIO Bus: probed
[    3.457221] tun: Universal TUN/TAP device driver, 1.6
[    3.458448] PPP generic driver version 2.4.2
[    3.459685] ehci_hcd: USB 2.0 'Enhanced' Host Controller (EHCI) Driver
[    3.460964] ehci-pci: EHCI PCI platform driver
[    3.461801] ehci-platform: EHCI generic platform driver
[    3.462776] ohci_hcd: USB 1.1 'Open' Host Controller (OHCI) Driver
[    3.463892] ohci-pci: OHCI PCI platform driver
[    3.464738] ohci-platform: OHCI generic platform driver
[    3.465692] uhci_hcd: USB Universal Host Controller Interface driver
[    3.466882] i8042: PNP: PS/2 Controller [PNP0303:PS2K,PNP0f03:PS2M] at 0x60,0x64 irq 1,12
[    3.469895] serio: i8042 KBD port at 0x60,0x64 irq 1
[    3.470864] serio: i8042 AUX port at 0x60,0x64 irq 12
[    3.471949] mousedev: PS/2 mouse device common for all mice
[    3.473492] rtc_cmos rtc_cmos: rtc core: registered rtc_cmos as rtc0
[    3.474678] input: AT Translated Set 2 keyboard as /devices/platform/i8042/serio0/input/input2
[    3.476109] rtc_cmos rtc_cmos: alarms up to one day, 114 bytes nvram
[    3.476115] i2c /dev entries driver
[    3.476152] device-mapper: uevent: version 1.0.3
[    3.479427] device-mapper: ioctl: 4.37.0-ioctl (2017-09-20) initialised: dm-devel@redhat.com
[    3.481128] ledtrig-cpu: registered to indicate activity on CPUs
[    3.482667] NET: Registered protocol family 10
[    3.485928] Segment Routing with IPv6
[    35545985] NET: Registered protocol family 17
[    3.656822] Key type dns_resolver registered
[    3.657959] RAS: Correctable Errors collector initialized.
[    3.658965] sched_clock: Marking stable (3657933409, 0)->(11912556949, -8254623540)
[    3.661224] registered taskstats version 1
[    3.662015] Loading compiled-in X.509 certificates
[    3.664527] Loaded X.509 cert 'Build time autogenerated kernel key: 1cc14bc8298a06d551159822c55fa35abd77a621'
[    3.666287] zswap: loaded using pool lzo/zbud
[    3.669869] Key type big_key registered
[    3.670590] Key type trusted registered
[    3.672534] Key type encrypted registered
[    3.673277] AppArmor: AppArmor sha1 policy hashing enabled
[    3.674251] ima: No TPM chip found, activating TPM-bypass! (rc=-19)
[    3.675345] ima: Allocated hash algorithm: sha1
[    3.676191] evm: HMAC attrs: 0x1
[    3.677617]   Magic number: 11:941:876
[    3.678407] rtc_cmos rtc_cmos: setting system clock to 2019-07-10 08:52:32 UTC (1562748752)
[    3.680006] BIOS EDD facility v0.16 2004-Jun-25, 0 devices found
[    3.681453] EDD information not available.
[    3.684203] Freeing unused kernel image memory: 2408K
[    3.704597] Write protecting the kernel read-only data: 20480k
[    3.736509] Freeing unused kernel image memory: 2008K
[    3.737693] Freeing unused kernel image memory: 1872K
[    3.742544] x86/mm: Checked W+X mappings: passed, no W+X pages found.
[    3.743675] x86/mm: Checking user space page tables
[    3.748383] x86/mm: Checked W+X mappings: passed, no W+X pages found.
Loading, please wait...
starting version 237
[    3.801137] e1000: Intel(R) PRO/1000 Network Driver - version 7.3.21-k8-NAPI
[    4.096531] e1000: Copyright (c) 1999-2006 Intel Corporation.
[    4.207132] Fusion MPT base driver 3.04.20
[    4.322192] Copyright (c) 1999-2008 LSI Corporation
[    4.468639] Fusion MPT SPI Host driver 3.04.20
[    4.546524] AVX2 version of gcm_enc/dec engaged.
[    4.547417] AES CTR mode by8 optimization enabled
[    4.594591] e1000 0000:00:03.0 eth0: (PCI:33MHz:32-bit) 02:26:45:5c:bc:af
[    4.800480] e1000 0000:00:03.0 eth0: Intel(R) PRO/1000 Network Connection
[    4.990674] input: ImExPS/2 Generic Explorer Mouse as /devices/platform/i8042/serio1/input/input4
[    5.711529] e1000 0000:00:08.0 eth1: (PCI:33MHz:32-bit) 08:00:27:9f:df:4c
[    5.910502] e1000 0000:00:08.0 eth1: Intel(R) PRO/1000 Network Connection
[    6.072953] mptbase: ioc0: Initiating bringup
[    6.073470] e1000 0000:00:03.0 enp0s3: renamed from eth0
[    6.412870] e1000 0000:00:08.0 enp0s8: renamed from eth1
[    6.708541] ioc0: LSI53C1030 A0: Capabilities={Initiator}
[    6.956344] scsi host2: ioc0: LSI53C1030 A0, FwRev=00000000h, Ports=1, MaxQ=256, IRQ=20
[    7.450226] scsi 2:0:0:0: Direct-Access     VBOX     HARDDISK         1.0  PQ: 0 ANSI: 5
[    7.919392] scsi target2:0:0: Beginning Domain Validation
[    8.703568] scsi target2:0:0: Domain Validation skipping write tests
[    9.750659] scsi target2:0:0: Ending Domain Validation
[    9.834447] scsi target2:0:0: asynchronous
[    9.901404] scsi 2:0:1:0: Direct-Access     VBOX     HARDDISK         1.0  PQ: 0 ANSI: 5
[   10.013067] scsi target2:0:1: Beginning Domain Validation
[   10.785594] random: fast init done
[   10.860087] scsi target2:0:1: Domain Validation skipping write tests
[   10.896482] scsi target2:0:1: Ending Domain Validation
[   10.897580] scsi target2:0:1: asynchronous
[   10.901534] random: systemd-udevd: uninitialized urandom read (16 bytes read)
[   10.901756] sd 2:0:0:0: Attached scsi generic sg0 type 0
[   10.901958] sd 2:0:0:0: [sda] 20971520 512-byte logical blocks: (10.7 GB/10.0 GiB)
[   10.902041] sd 2:0:0:0: [sda] Write Protect is off
[   10.902134] sd 2:0:0:0: [sda] Incomplete mode parameter data
[   10.902134] sd 2:0:0:0: [sda] Assuming drive cache: write through
[   10.902431] sd 2:0:1:0: Attached scsi generic sg1 type 0
[   10.902684]  sda: sda1
[   10.902813] sd 2:0:1:0: [sdb] 20480 512-byte logical blocks: (10.5 MB/10.0 MiB)
[   10.902834] sd 2:0:1:0: [sdb] Write Protect is off
[   10.902884] sd 2:0:1:0: [sdb] Incomplete mode parameter data
[   10.902884] sd 2:0:1:0: [sdb] Assuming drive cache: write through
[   10.902936] sd 2:0:0:0: [sda] Attached SCSI disk
[   10.905244] sd 2:0:1:0: [sdb] Attached SCSI disk
[   10.999567] random: systemd-udevd: uninitialized urandom read (16 bytes read)
[   11.000921] random: systemd-udevd: uninitialized urandom read (16 bytes read)
Begin: Loading essential drivers ... [   12.325243] raid6: sse2x1   gen() 15157 MB/s
[   12.504365] raid6: sse2x1   xor() 10718 MB/s
[   12.644561] raid6: sse2x2   gen() 20608 MB/s
[   12.868573] raid6: sse2x2   xor() 12518 MB/s
[   13.164082] raid6: sse2x4   gen() 19102 MB/s
[   13.212281] raid6: sse2x4   xor() 12842 MB/s
[   13.440085] raid6: avx2x1   gen() 29463 MB/s
[   13.645620] raid6: avx2x1   xor() 21886 MB/s
[   13.844933] raid6: avx2x2   gen() 38352 MB/s
[   14.052067] raid6: avx2x2   xor() 22175 MB/s
[   14.264373] raid6: avx2x4   gen() 39920 MB/s
[   14.444511] raid6: avx2x4   xor() 25774 MB/s
[   14.567106] raid6: using algorithm avx2x4 gen() 39920 MB/s
[   14.745175] raid6: .... xor() 25774 MB/s, rmw enabled
[   14.876351] raid6: using avx2x2 recovery algorithm
[   15.047100] xor: automatically using best checksumming function   avx       
[   15.192993] async_tx: api initialized (async)
done.
Begin: Running /scripts/init-premount ... done.
Begin: Mounting root file system ... Begin: Running /scripts/local-top ... done.
Begin: Running /scripts/local-premount ... [   15.326917] Btrfs loaded, crc32c=crc32c-intel
Scanning for Btrfs filesystems
[   15.408353] EXT4-fs (sda1): mounted filesystem with ordered data mode. Opts: (null)
done.
Warning: fsck not present, so skipping root file system
done.
Begin: Running /scripts/local-bottom ... done.
Begin: Running /scripts/init-bottom ... done.
[   15.862432] ip_tables: (C) 2000-2006 Netfilter Core Team
[   15.874087] systemd[1]: systemd 237 running in system mode. (+PAM +AUDIT +SELINUX +IMA +APPARMOR +SMACK +SYSVINIT +UTMP +LIBCRYPTSETUP +GCRYPT +GNUTLS +ACL +XZ +LZ4 +SECCOMP +BLKID +ELFUTILS +KMOD -IDN2 +IDN -PCRE2 default-hierarchy=hybrid)
[   15.910103] systemd[1]: Detected virtualization oracle.
[   16.063307] systemd[1]: Detected architecture x86-64.

Welcome to [1mUbuntu 18.04.2 LTS[0m!

[   16.285563] systemd[1]: Set hostname to <ubuntu>.
[   16.367433] systemd[1]: Initializing machine ID from random generator.
[   16.368653] systemd[1]: Installed transient /etc/machine-id file.
[   16.534482] systemd[1]: Reached target Swap.
[[0;32m  OK  [0m] Reached target Swap.
[   16.724764] systemd[1]: Created slice System Slice.
[[0;32m  OK  [0m] Created slice System Slice.
[   16.912490] systemd[1]: Listening on udev Control Socket.
[[0;32m  OK  [0m] Listening on udev Control Socket.
[   17.109545] systemd[1]: Listening on LVM2 poll daemon socket.
[[0;32m  OK  [0m] Listening on LVM2 poll daemon socket.
[[0;32m  OK  [0m] Listening on udev Kernel Socket.
[[0;32m  OK  [0m] Created slice system-serial\x2dgetty.slice.
[[0;32m  OK  [0m] Listening on Journal Socket (/dev/log).
[[0;32m  OK  [0m] Listening on Device-mapper event daemon FIFOs.
[[0;32m  OK  [0m] Set up automount Arbitrary Executabâ€¦rmats File System Automount Point.
[[0;32m  OK  [0m] Created slice User and Session Slice.
[[0;32m  OK  [0m] Reached target Slices.
[[0;32m  OK  [0m] Reached target User and Group Name Lookups.
[[0;32m  OK  [0m] Listening on LVM2 metadata daemon socket.
[[0;32m  OK  [0m] Listening on Network Service Netlink Socket.
[[0;32m  OK  [0m] Listening on Journal Socket.
         Mounting Huge Pages File System...
         Mounting Kernel Debug File System...
         Starting Set the console keyboard layout...
         Starting Remount Root and Kernel File Systems...
         Starting Monitoring of LVM2 mirrorsâ€¦ng dmeventd or progress polling...
         Starting udev Coldplug all Devices...
         Starting Load Kernel Modules...[   17.526198] EXT4-fs (sda1): re-mounted. Opts: (null)

[[0;32m  OK  [0[   18.239916] Loading iSCSI transport class v2.0-870.
m] Started Forwa[   18.363805] iscsi: registered transport (tcp)
rd Password Requests to Wall Dir[   18.531523] iscsi: registered transport (iser)
ectory Watch.
         Starting Create list of required stâ€¦ce nodes for the current kernel...
[[0;32m  OK  [0m] Reached target System Time Synchronized.
         Mounting POSIX Message Queue File System...
[[0;32m  OK  [0m] Listening on Syslog Socket.
[[0;32m  OK  [0m] Listening on /dev/initctl Compatibility Named Pipe.
         Starting Uncomplicated firewall...
[[0;32m  OK  [0m] Listening on Journal Audit Socket.
         Starting Journal Service...
[[0;32m  OK  [0m] Mounted Huge Pages File System.
[[0;32m  OK  [0m] Mounted Kernel Debug File System.
[[0;32m  OK  [0m] Started Set the console keyboard layout.
[[0;32m  OK  [0m] Started Remount Root and Kernel File Systems.
[[0;32m  OK  [0m] Started Load Kernel Modules.
[[0;32m  OK  [0m] Started Journal Service.
[[0;32m  OK  [0m] Started Create list of required staâ€¦vice nodes for the cur[   18.676594] random: crng init done
[   18.781051] random: 7 urandom warning(s) missed due to ratelimiting
rent kernel.
[[0;32m  OK  [0m] Mounted POSIX Message Queue File System.
[[0;32m  OK  [0m] Started Uncomplicated firewall.
[[0;32m  OK  [0m] Started udev Coldplug all Devices.
[[0;32m  OK  [0m] Started LVM2 metadata daemon.
         Starting Create Static Device Nodes in /dev...
         Mounting FUSE Control File System...
         Starting Apply Kernel Variables...
         Mounting Kernel Configuration File System...
         Starting Flush Journal to Persistent Storage...
         Starting Load/Save Random Seed...
[[0;32m  OK  [0m] Started Monitoring of LVM2 mirrors,â€¦sing dmeventd or progress polling.
[[0;32m  OK  [0m] Started Create Static Device Nodes in /dev.
[[0;32m  OK  [0m] Mounted FUSE Control File System.
[[0;32m  OK  [0m] Started Apply Kernel Variables.
[[0;32m  OK  [0m] Mounted Kernel Configuration File System.
[[0;32m  OK  [0m] Started Load/Save Random Seed.
         Starting udev Kernel Device Manager...
[[0;32m  OK  [0m] Reached target Local File Systems (Pre).
[[0;32m  OK  [0m] Reached target Local File Systems.
         Starting AppArmor initialization...
         Starting Tell Plymouth To Write Out Runtime Data...
         Starting Set console font and keymap...
         Starting ebtables ruleset management...
         Starting Commit a transient machine-id on disk...
[[0;32m  OK  [0m] Started udev Kernel Device Manager.
[[0;32m  OK  [0m] Started Dispatch Password Requests to Console Directory Watch.
[[0;32m  OK  [0m] Reached target Local Encrypted Volumes.
[[0;32m  OK  [0m] Started Flush Journal to Persistent Storage.
[[0;32m  OK  [0m] Started Tell Plymouth To Write Out Runtime Data.
[[0;32m  OK  [0m] Started Set console font and keymap.
[[0;32m  OK  [0m] Started Commit a transient machine-id on disk.
[[0;32m  OK  [0m] Found device /dev/ttyS0.
[[0;32m  OK  [0m] Started ebtables ruleset management.
[[0;32m  OK  [0m] Listening on Load/Save RF Kill Switch Status /dev/rfkill Watch.
         Starting Create Volatile Files and Directories...
[[0;32m  OK  [0m] Started Create Volatile Files and Directories.
         Starting Update UTMP about System Boot/Shutdown...
[[0;32m  OK  [0m] Started Update UTMP about System Boot/Shutdown.
[[0;32m  OK  [0m] Started AppArmor initialization.
         Starting Initial cloud-init job (pre-networking)...
[   20.222371] cloud-init[586]: Cloud-init v. 19.1-1-gbaa47854-0ubuntu1~18.04.1 running 'init-local' at Wed, 10 Jul 2019 08:52:48 +0000. Up 19.99 seconds.
[[0;32m  OK  [0m] Started Initial cloud-init job (pre-networking).
[[0;32m  OK  [0m] Reached target Network (Pre).
         Starting Network Service...
[[0;32m  OK  [0m] Started Network Service.
         Starting Network Name Resolution...
         Starting Wait for Network to be Configured...
[[0;32m  OK  [0m] Started Network Name Resolution.
[[0;32m  OK  [0m] Reached target Network.
[[0;32m  OK  [0m] Reached target Host and Network Name Lookups.
[[0;32m  OK  [0m] Started Wait for Network to be Configured.
         Starting Initial cloud-init job (metadata service crawler)...
[   22.251845] cloud-init[714]: Cloud-init v. 19.1-1-gbaa47854-0ubuntu1~18.04.1 running 'init' at Wed, 10 Jul 2019 08:52:50 +0000. Up 22.16 seconds.
[   22.307850] cloud-init[714]: ci-info: ++++++++++++++++++++++++++++++++++++++Net device info+++++++++++++++++++++++++++++++++++++++
[   22.309774] cloud-init[714]: ci-info: +--------+-------+----------------------------+---------------+--------+-------------------+
[   22.311648] cloud-init[714]: ci-info: | Device |   Up  |          Address           |      Mask     | Scope  |     Hw-Address    |
[   22.313490] cloud-init[714]: ci-info: +--------+-------+----------------------------+---------------+--------+-------------------+
[   22.315268] cloud-init[714]: ci-info: | enp0s3 |  True |         10.0.2.15          | 255.255.255.0 | global | 02:26:45:5c:bc:af |
[   22.317002] cloud-init[714]: ci-info: | enp0s3 |  True | fe80::26:45ff:fe5c:bcaf/64 |       .       |  link  | 02:26:45:5c:bc:af |
[   22.318686] cloud-init[714]: ci-info: | enp0s8 | False |             .              |       .       |   .    | 08:00:27:9f:df:4c |
[   22.320408] cloud-init[714]: ci-info: |   lo   |  True |         127.0.0.1          |   255.0.0.0   |  host  |         .         |
[   22.322094] cloud-init[714]: ci-info: |   lo   |  True |          ::1/128           |       .       |  host  |         .         |
[   22.323812] cloud-init[714]: ci-info: +--------+-------+----------------------------+---------------+--------+-------------------+
[   22.328872] cloud-init[714]: ci-info: ++++++++++++++++++++++++++++Route IPv4 info+++++++++++++++++++++++++++++
[   22.356777] cloud-init[714]: ci-info: +-------+-------------+----------+-----------------+-----------+-------+
[   22.384232] cloud-init[714]: ci-info: | Route | Destination | Gateway  |     Genmask     | Interface | Flags |
[   22.398533] cloud-init[714]: ci-info: +-------+-------------+----------+-----------------+-----------+-------+
[   22.401488] cloud-init[714]: ci-info: |   0   |   0.0.0.0   | 10.0.2.2 |     0.0.0.0     |   enp0s3  |   UG  |
[   22.403264] cloud-init[714]: ci-info: |   1   |   10.0.2.0  | 0.0.0.0  |  255.255.255.0  |   enp0s3  |   U   |
[   22.408311] cloud-init[714]: ci-info: |   2   |   10.0.2.2  | 0.0.0.0  | 255.255.255.255 |   enp0s3  |   UH  |
[   22.411200] cloud-init[714]: ci-info: +-------+-------------+----------+-----------------+-----------+-------+
[   22.412751] cloud-init[714]: ci-info: +++++++++++++++++++Route IPv6 info+++++++++++++++++++
[   22.414069] cloud-init[714]: ci-info: +-------+-------------+---------+-----------+-------+
[   22.424219] cloud-init[714]: ci-info: | Route | Destination | Gateway | Interface | Flags |
[   22.425464] cloud-init[714]: ci-info: +-------+-------------+---------+-----------+-------+
[   22.426863] cloud-init[714]: ci-info: |   1   |  fe80::/64  |    ::   |   enp0s3  |   U   |
[   22.428116] cloud-init[714]: ci-info: |   3   |    local    |    ::   |   enp0s3  |   U   |
[   22.472300] cloud-init[714]: ci-info: |   4   |   ff00::/8  |    ::   |   enp0s3  |   U   |
[   22.524936] cloud-init[714]: ci-info: +-------+-------------+---------+-----------+-------+
[   22.734744] cloud-init[714]: Generating public/private rsa key pair.
[[   22.781161] cloud-init[714]: Your identification has been saved in /etc/ssh/ssh_host_rsa_key.
[   22.781563] cloud-init[714]: Your public key has been saved in /etc/ssh/ssh_host_rsa_key.pub.
[0;32m  OK  [0m] Started Initial cloud-init job (metadata service crawler).
[   22.782291] cloud-init[714]: The key fingerprint is:
[   22.856261] cloud-init[714]: SHA256:0fSbxPKwGAqbKjDdNiHJoMwQGnMAiUcKDnwwuoPDHrA root@ubuntu-bionic
[   22.858086] cloud-init[714]: The key's randomart image is:
[[   22.859284] cloud-init[714]: +---[RSA 2048]----+
[   22.859510] cloud-init[714]: |#B+       .      |
[   22.859783] cloud-init[714]: |&Ooo     o o     |
[0;32m  OK  [0m] Reached target System Initialization.
[   22.860217] cloud-init[714]: |*== o   o + +    |
[[   22.876145] cloud-init[714]: |++ o = . + * o   |
[   22.876327] cloud-init[714]: |Eo. * . S . +    |
[   22.876571] cloud-init[714]: |o+.o .           |
[   22.876807] cloud-init[714]: |...              |
[   22.877043] cloud-init[714]: | .               |
[   22.877532] cloud-init[714]: |                 |
[   22.877734] cloud-init[714]: +----[SHA256]-----+
[   22.877959] cloud-init[714]: Generating public/private dsa key pair.
[   22.878178] cloud-init[714]: Your identification has been saved in /etc/ssh/ssh_host_dsa_key.
[0;32m  OK  [0m] Started Discard unused blocks once a week.
[   22.878384] cloud-init[714]: Your public key has been saved in /etc/ssh/ssh_host_dsa_key.pub.
[[   22.887114] cloud-init[714]: The key fingerprint is:
[   22.887300] cloud-init[714]: SHA256:VGB3KD/VF9u3Fbn8MrYqw8oK+N+EuB5F8Sn6j568KV8 root@ubuntu-bionic
[   22.887556] cloud-init[714]: The key's randomart image is:
[   22.887782] cloud-init[714]: +---[DSA 1024]----+
[   22.887982] cloud-init[714]: |      . o.o... oo|
[   22.888404] cloud-init[714]: |       +.+... ..=|
[   22.888597] cloud-init[714]: |      o +o .  .o=|
[   22.888789] cloud-init[714]: |     o o  o    o+|
[   22.888990] cloud-init[714]: |    . . S  .   ..|
[   22.889190] cloud-init[714]: |   . + .      + .|
[   22.889386] cloud-init[714]: |  . + o E.   . + |
[   22.889580] cloud-init[714]: |   ..= X  +   .  |
[   22.889773] cloud-init[714]: |   .+=@o=. o..   |
[   22.889973] cloud-init[714]: +----[SHA256]-----+
[   22.890166] cloud-init[714]: Generating public/private ecdsa key pair.
[   22.890356] cloud-init[714]: Your identification has been saved in /etc/ssh/ssh_host_ecdsa_key.
[   22.890555] cloud-init[714]: Your public key has been saved in /etc/ssh/ssh_host_ecdsa_key.pub.
[   22.890752] cloud-init[714]: The key fingerprint is:
[   22.890948] cloud-init[714]: SHA256:mpw27C0Q7Ji+uXOVrW/BVop9hW2+7wkCP5lN8XSreRU root@ubuntu-bionic
[   22.891145] cloud-init[714]: The key's randomart image is:
[   22.891338] cloud-init[714]: +---[ECDSA 256]---+
[   22.891539] cloud-init[714]: |                 |
[   22.891735] cloud-init[714]: |                 |
[   22.891936] cloud-init[714]: |   .       o. .E.|
[   22.892359] cloud-init[714]: |    o     o ++ .o|
[   22.892545] cloud-init[714]: |   + . *So +. ...|
[   22.892738] cloud-init[714]: |  o oo++Bo.=. o .|
[   22.892924] cloud-init[714]: | .   oOo o* o+ . |
[   22.893114] cloud-init[714]: |  o..ooo.  o.... |
[   22.893309] cloud-init[714]: |  +=  .+o    o+  |
[   22.893539] cloud-init[714]: +----[SHA256]-----+
[   22.893754] cloud-init[714]: Generating public/private ed25519 key pair.
[   22.893941] cloud-init[714]: Your identification has been saved in /etc/ssh/ssh_host_ed25519_key.
[   22.894125] cloud-init[714]: Your public key has been saved in /etc/ssh/ssh_host_ed25519_key.pub.
[   22.894308] cloud-init[714]: The key fingerprint is:
[   22.894493] cloud-init[714]: SHA256:WPXzPTAl+zYfehFzqA6IbXHWjUJUdifck1Yqvoy/IfY root@ubuntu-bionic
[   22.894674] cloud-init[714]: The key's randomart image is:
[   22.894897] cloud-init[714]: +--[ED25519 256]--+
[   22.895083] cloud-init[714]: |         .+.oooo=|
[   22.895265] cloud-init[714]: |         o + +=O.|
[   22.895450] cloud-init[714]: |        o + *+=oo|
[   22.895635] cloud-init[714]: |       = = o =+.+|
[   22.895822] cloud-init[714]: |      o S . o .B.|
[   22.896034] cloud-init[714]: |       .   = .o *|
[   22.896208] cloud-init[714]: |          + =. ..|
[   22.896397] cloud-init[714]: |         . + ..  |
[   22.896605] cloud-init[714]: |            E.   |
[   22.896767] cloud-init[714]: +----[SHA256]-----+
[0;32m  OK  [0m] Listening on Open-iSCSI iscsid Socket.
[[0;32m  OK  [0m] Started Message of the Day.
[[0;32m  OK  [0m] Started Daily Cleanup of Temporary Directories.
[[0;32m  OK  [0m] Listening on D-Bus System Message Bus Socket.
         Starting LXD - unix socket.
[[0;32m  OK  [0m] Started ACPI Events Check.
[[0;32m  OK  [0m] Reached target Paths.
[[0;32m  OK  [0m] Listening on ACPID Listen Socket.
[[0;32m  OK  [0m] Started Daily apt download activities.
[[0;32m  OK  [0m] Started Daily apt upgrade and clean activities.
[[0;32m  OK  [0m] Reached target Timers.
[[0;32m  OK  [0m] Listening on UUID daemon activation socket.
         Starting Socket activation for snappy daemon.
[[0;32m  OK  [0m] Reached target Network is Online.
         Starting Availability of block devices...
[[0;32m  OK  [0m] Reached target Remote File Systems (Pre).
[[0;32m  OK  [0m] Reached target Remote File Systems.
[[0;32m  OK  [0m] Reached target Cloud-config availability.
[[0;32m  OK  [0m] Listening on LXD - unix socket.
[[0;32m  OK  [0m] Listening on Socket activation for snappy daemon.
[[0;32m  OK  [0m] Reached target Sockets.
[[0;32m  OK  [0m] Reached target Basic System.
         Starting Accounts Service...
         Starting Dispatcher daemon for systemd-networkd...
         Starting Permit User Sessions...
[[0;32m  OK  [0m] Started irqbalance daemon.
[[0;32m  OK  [0m] Started D-Bus System Message Bus.
         Starting Login Service...
         Starting LXD - container startup/shutdown...
         Starting Pollinate to seed the pseudo random number generator...
         Starting LSB: automatic crash report generation...
         Starting Snappy daemon...
[[0;32m  OK  [0m] Started Deferred execution scheduler.
[[0;32m  OK  [0m] Started Regular background program processing daemon.
         Starting Virtualbox guest utils...
[[0;32m  OK  [0m] Started FUSE filesystem for LXC.
         Starting LSB: Record successful boot for GRUB...
         Starting System Logging Service...
[[0;32m  OK  [0m] Started Availability of block devices.
[[0;32m  OK  [0m] Started Permit User Sessions.
[[0;32m  OK  [0m] Started System Logging Service.
[[0;32m  OK  [0m] Started LXD - container startup/shutdown.
[[0;32m  OK  [0m] Started Login Service.
[[0;32m  OK  [0m] Started Dispatcher daemon for systemd-networkd.
[[0;32m  OK  [0m] Started Unattended Upgrades Shutdown.
         Starting Authorization Manager...
         Starting Terminate Plymouth Boot Screen...
         Starting Hold until boot process finishes up...
[[0;32m  OK  [0m] Started LSB: automatic crash report generation.
[[0;32m  OK  [0m] Started Virtualbox guest utils.
[[0;32m  OK  [0m] Started LSB: Record successful boot for GRUB.
[[0;32m  OK  [0m] Started Terminate Plymouth Boot Screen.
[[0;32m  OK  [0m] Started Hold until boot process finishes up.
[[0;32m  OK  [0m] Started Snappy daemon.
[[0;32m  OK  [0m] Started Authorization Manager.
[[0;32m  OK  [0m] Started Accounts Service.
         Starting Wait until snapd is fully seeded...
[[0;32m  OK  [0m] Started Serial Getty on ttyS0.
         Starting Set console scheme...
[[0;32m  OK  [0m] Started Set console scheme.
[[0;32m  OK  [0m] Started Pollinate to seed the pseudo random number generator.
         Starting OpenBSD Secure Shell server...
[[0;32m  OK  [0m] Created slice system-getty.slice.
[[0;32m  OK  [0m] Started Getty on tty1.
[[0;32m  OK  [0m] Reached target Login Prompts.
[[0;32m  OK  [0m] Started OpenBSD Secure Shell server.
[[0;32m  OK  [0m] Created slice User Slice of vagrant.
         Starting User Manager for UID 1000...
[[0;32m  OK  [0m] Started Session 1 of user vagrant.
[[0;32m  OK  [0m] Started User Manager for UID 1000.
[[0;32m  OK  [0m] Started Wait until snapd is fully seeded.
         Starting Apply the settings specified in cloud-config...
[[0;32m  OK  [0m] Reached target Multi-User System.
[[0;32m  OK  [0m] Reached target Graphical Interface.
         Starting Update UTMP about System Runlevel Changes...
[[0;32m  OK  [0m] Started Update UTMP about System Runlevel Changes.
[   27.334602] cloud-init[1340]: Cloud-init v. 19.1-1-gbaa47854-0ubuntu1~18.04.1 running 'modules:config' at Wed, 10 Jul 2019 08:52:55 +0000. Up 27.08 seconds.
[[0;32m  OK  [0m] Started Apply the settings specified in cloud-config.
         Starting Execute cloud user/final scripts...
ci-info: no authorized ssh keys fingerprints found for user ubuntu.
<14>Jul 10 08:52:56 ec2: 
<14>Jul 10 08:52:56 ec2: #############################################################
<14>Jul 10 08:52:56 ec2: -----BEGIN SSH HOST KEY FINGERPRINTS-----
<14>Jul 10 08:52:56 ec2: 1024 SHA256:VGB3KD/VF9u3Fbn8MrYqw8oK+N+EuB5F8Sn6j568KV8 root@ubuntu-bionic (DSA)
<14>Jul 10 08:52:56 ec2: 256 SHA256:mpw27C0Q7Ji+uXOVrW/BVop9hW2+7wkCP5lN8XSreRU root@ubuntu-bionic (ECDSA)
<14>Jul 10 08:52:56 ec2: 256 SHA256:WPXzPTAl+zYfehFzqA6IbXHWjUJUdifck1Yqvoy/IfY root@ubuntu-bionic (ED25519)
<14>Jul 10 08:52:56 ec2: 2048 SHA256:0fSbxPKwGAqbKjDdNiHJoMwQGnMAiUcKDnwwuoPDHrA root@ubuntu-bionic (RSA)
<14>Jul 10 08:52:56 ec2: -----END SSH HOST KEY FINGERPRINTS-----
<14>Jul 10 08:52:56 ec2: #############################################################
-----BEGIN SSH HOST KEY KEYS-----
ecdsa-sha2-nistp256 AAAAE2VjZHNhLXNoYTItbmlzdHAyNTYAAAAIbmlzdHAyNTYAAABBBN8o4IbHc+RSoKoDhClQSphCSNaa9TdO/BANn7DnEf4hePi2tgc+OZgFEg0ZxTeM20LbwRb5H8POJentnYjZvTI= root@ubuntu-bionic
ssh-ed25519 AAAAC3NzaC1lZDI1NTE5AAAAIDrds4vbxxGlaG9iIsftLzivDYD9Po8v/3+WNwocYQfm root@ubuntu-bionic
ssh-rsa AAAAB3NzaC1yc2EAAAADAQABAAABAQC9oj6dsqDE18i/H4EzZk2nLagX87pEZDOr8KIwUNKPjWDDis4OD8x2KI1h32DodP/eDbOdI77DOz2dr49L4eIar3yYHxBMBaNXRrfTCNULhyX4Uhim4/XeyUu52B+G4QZ4OmdhGvz5JQ2UaS5dM90onVsfh0BdGpEJW+p80B6w1czu5qK2Kgqtds9ichSId4Zk1ulLFMHRo4qOdJfTQoR5kv3dx+cnjDFumkQEdVT/MgYW3c3VYRiLmSwSwiS930/Q/PZVWqTh+et1Y2H9pmSpeAHbr2jna7twSREJvK9ahu9oQjjxkT5ArT9AsJNo54SOjYRMfY+p0axSR9/R4kIn root@ubuntu-bionic
-----END SSH HOST KEY KEYS-----
[   27.890244] cloud-init[1486]: Cloud-init v. 19.1-1-gbaa47854-0ubuntu1~18.04.1 running 'modules:final' at Wed, 10 Jul 2019 08:52:56 +0000. Up 27.65 seconds.
[   27.892715] cloud-init[1486]: ci-info: no authorized ssh keys fingerprints found for user ubuntu.
[   27.894308] cloud-init[1486]: Cloud-init v. 19.1-1-gbaa47854-0ubuntu1~18.04.1 finished at Wed, 10 Jul 2019 08:52:56 +0000. Datasource DataSourceNoCloud [seed=/dev/sdb][dsmode=net].  Up 27.88 seconds
[[0;32m  OK  [0m] Started Execute cloud user/final scripts.
[[0;32m  OK  [0m] Reached target Cloud-init target.

Ubuntu 18.04.2 LTS ubuntu-bionic ttyS0

ubuntu-bionic login: 